../Core/Src/main.c:64:6:HAL_TIM_PWM_PulseFinishedCallback	16	static
../Core/Src/main.c:72:6:WS2812_Send	24	static
../Core/Src/main.c:89:10:ramp	16	static
../Core/Src/main.c:99:5:main	40	static
../Core/Src/main.c:154:6:SystemClock_Config	88	static
../Core/Src/main.c:200:13:MX_TIM1_Init	120	static
../Core/Src/main.c:280:13:MX_DMA_Init	16	static
../Core/Src/main.c:298:13:MX_GPIO_Init	16	static
../Core/Src/main.c:313:10:hsl_to_rgb	40	static
../Core/Src/main.c:348:6:Error_Handler	8	static,ignoring_inline_asm
